--------------------------------------------------------------------------------
Release 14.7 Trace  (nt64)
Copyright (c) 1995-2013 Xilinx, Inc.  All rights reserved.

C:\Xilinx\14.7\ISE_DS\ISE\bin\nt64\unwrapped\trce.exe -intstyle ise -v 3 -s 3
-n 3 -fastpaths -xml main_fpga_aes_256.twx main_fpga_aes_256.ncd -o
main_fpga_aes_256.twr main_fpga_aes_256.pcf -ucf main_fpga_aes_256.ucf

Design file:              main_fpga_aes_256.ncd
Physical constraint file: main_fpga_aes_256.pcf
Device,package,speed:     xc6slx75,csg484,C,-3 (PRODUCTION 1.23 2013-10-13)
Report level:             verbose report

Environment Variable      Effect 
--------------------      ------ 
NONE                      No environment variables were set
--------------------------------------------------------------------------------

INFO:Timing:2698 - No timing constraints found, doing default enumeration.
INFO:Timing:3412 - To improve timing, see the Timing Closure User Guide (UG612).
INFO:Timing:2752 - To get complete path coverage, use the unconstrained paths 
   option. All paths that are not constrained will be reported in the 
   unconstrained paths section(s) of the report.
INFO:Timing:3339 - The clock-to-out numbers in this timing report are based on 
   a 50 Ohm transmission line loading model.  For the details of this model, 
   and for more information on accounting for different loading conditions, 
   please see the device datasheet.



Data Sheet report:
-----------------
All values displayed in nanoseconds (ns)

Setup/Hold to clock clk
------------+------------+------------+------------+------------+------------------+--------+
            |Max Setup to|  Process   |Max Hold to |  Process   |                  | Clock  |
Source      | clk (edge) |   Corner   | clk (edge) |   Corner   |Internal Clock(s) | Phase  |
------------+------------+------------+------------+------------+------------------+--------+
lbus_rstn   |   12.289(R)|      SLOW  |   -0.597(R)|      SLOW  |clk_BUFGP         |   0.000|
------------+------------+------------+------------+------------+------------------+--------+

Setup/Hold to clock lbus_clk
------------+------------+------------+------------+------------+------------------+--------+
            |Max Setup to|  Process   |Max Hold to |  Process   |                  | Clock  |
Source      | clk (edge) |   Corner   | clk (edge) |   Corner   |Internal Clock(s) | Phase  |
------------+------------+------------+------------+------------+------------------+--------+
lbus_re     |    3.365(R)|      SLOW  |   -0.543(R)|      SLOW  |lbus_clk_BUFGP    |   0.000|
lbus_rstn   |    8.724(R)|      SLOW  |   -0.280(R)|      SLOW  |lbus_clk_BUFGP    |   0.000|
lbus_wd<0>  |    6.496(R)|      SLOW  |   -0.836(R)|      SLOW  |lbus_clk_BUFGP    |   0.000|
lbus_wd<1>  |    5.959(R)|      SLOW  |   -0.727(R)|      SLOW  |lbus_clk_BUFGP    |   0.000|
lbus_wd<2>  |    6.255(R)|      SLOW  |   -1.000(R)|      SLOW  |lbus_clk_BUFGP    |   0.000|
lbus_wd<3>  |    7.436(R)|      SLOW  |   -1.878(R)|      FAST  |lbus_clk_BUFGP    |   0.000|
lbus_wd<4>  |    7.986(R)|      SLOW  |   -2.104(R)|      FAST  |lbus_clk_BUFGP    |   0.000|
lbus_wd<5>  |    7.086(R)|      SLOW  |   -1.649(R)|      FAST  |lbus_clk_BUFGP    |   0.000|
lbus_wd<6>  |    7.778(R)|      SLOW  |   -1.953(R)|      FAST  |lbus_clk_BUFGP    |   0.000|
lbus_wd<7>  |    6.205(R)|      SLOW  |   -1.370(R)|      SLOW  |lbus_clk_BUFGP    |   0.000|
lbus_we     |    3.710(R)|      SLOW  |   -2.549(R)|      FAST  |lbus_clk_BUFGP    |   0.000|
------------+------------+------------+------------+------------+------------------+--------+

Clock clk to Pad
------------+-----------------+------------+-----------------+------------+------------------+--------+
            |Max (slowest) clk|  Process   |Min (fastest) clk|  Process   |                  | Clock  |
Destination |  (edge) to PAD  |   Corner   |  (edge) to PAD  |   Corner   |Internal Clock(s) | Phase  |
------------+-----------------+------------+-----------------+------------+------------------+--------+
led<0>      |         6.467(R)|      SLOW  |         3.035(R)|      FAST  |clk_BUFGP         |   0.000|
led<1>      |         6.467(R)|      SLOW  |         3.035(R)|      FAST  |clk_BUFGP         |   0.000|
led<2>      |         6.463(R)|      SLOW  |         3.031(R)|      FAST  |clk_BUFGP         |   0.000|
led<3>      |         6.470(R)|      SLOW  |         3.038(R)|      FAST  |clk_BUFGP         |   0.000|
led<4>      |         6.470(R)|      SLOW  |         3.038(R)|      FAST  |clk_BUFGP         |   0.000|
led<7>      |         8.450(R)|      SLOW  |         4.553(R)|      FAST  |clk_BUFGP         |   0.000|
led<8>      |         8.510(R)|      SLOW  |         4.588(R)|      FAST  |clk_BUFGP         |   0.000|
led<9>      |         8.927(R)|      SLOW  |         4.849(R)|      FAST  |clk_BUFGP         |   0.000|
trigger     |        11.931(R)|      SLOW  |         6.668(R)|      FAST  |clk_BUFGP         |   0.000|
------------+-----------------+------------+-----------------+------------+------------------+--------+

Clock lbus_clk to Pad
------------+-----------------+------------+-----------------+------------+------------------+--------+
            |Max (slowest) clk|  Process   |Min (fastest) clk|  Process   |                  | Clock  |
Destination |  (edge) to PAD  |   Corner   |  (edge) to PAD  |   Corner   |Internal Clock(s) | Phase  |
------------+-----------------+------------+-----------------+------------+------------------+--------+
lbus_emp    |         9.613(R)|      SLOW  |         5.257(R)|      FAST  |lbus_clk_BUFGP    |   0.000|
lbus_ful    |         8.686(R)|      SLOW  |         4.729(R)|      FAST  |lbus_clk_BUFGP    |   0.000|
lbus_rd<0>  |         8.344(R)|      SLOW  |         4.367(R)|      FAST  |lbus_clk_BUFGP    |   0.000|
lbus_rd<1>  |         7.959(R)|      SLOW  |         4.213(R)|      FAST  |lbus_clk_BUFGP    |   0.000|
lbus_rd<2>  |         7.686(R)|      SLOW  |         3.951(R)|      FAST  |lbus_clk_BUFGP    |   0.000|
lbus_rd<3>  |         7.752(R)|      SLOW  |         3.999(R)|      FAST  |lbus_clk_BUFGP    |   0.000|
lbus_rd<4>  |         7.714(R)|      SLOW  |         3.966(R)|      FAST  |lbus_clk_BUFGP    |   0.000|
lbus_rd<5>  |         7.327(R)|      SLOW  |         3.770(R)|      FAST  |lbus_clk_BUFGP    |   0.000|
lbus_rd<6>  |         7.645(R)|      SLOW  |         4.001(R)|      FAST  |lbus_clk_BUFGP    |   0.000|
lbus_rd<7>  |         8.620(R)|      SLOW  |         4.669(R)|      FAST  |lbus_clk_BUFGP    |   0.000|
------------+-----------------+------------+-----------------+------------+------------------+--------+

Clock to Setup on destination clock clk
---------------+---------+---------+---------+---------+
               | Src:Rise| Src:Fall| Src:Rise| Src:Fall|
Source Clock   |Dest:Rise|Dest:Rise|Dest:Fall|Dest:Fall|
---------------+---------+---------+---------+---------+
clk            |    9.450|         |         |         |
lbus_clk       |   11.348|         |         |         |
---------------+---------+---------+---------+---------+

Clock to Setup on destination clock lbus_clk
---------------+---------+---------+---------+---------+
               | Src:Rise| Src:Fall| Src:Rise| Src:Fall|
Source Clock   |Dest:Rise|Dest:Rise|Dest:Fall|Dest:Fall|
---------------+---------+---------+---------+---------+
clk            |    2.772|         |         |         |
lbus_clk       |    4.525|         |         |         |
---------------+---------+---------+---------+---------+


Analysis completed Mon Apr 22 17:14:42 2019 
--------------------------------------------------------------------------------

Trace Settings:
-------------------------
Trace Settings 

Peak Memory Usage: 4796 MB



